Last login: Thu Jul 30 09:57:51 on ttys001
yerihan3763@c4r2s8 ~ % cd Codyssey_M1 
yerihan3763@c4r2s8 Codyssey_M1 % ls -la
total 128
drwxr-xr-x   7 yerihan3763  yerihan3763    224  7 30 11:11 .
drwxr-x---+ 22 yerihan3763  yerihan3763    704  7 30 11:16 ..
drwxr-xr-x  12 yerihan3763  yerihan3763    384  7 30 11:11 .git
-rw-r--r--   1 yerihan3763  yerihan3763   3039  7 30 11:11 README.md
-rw-r--r--   1 yerihan3763  yerihan3763   6614  7 30 11:11 step1.log
-rw-r--r--   1 yerihan3763  yerihan3763   9721  7 30 11:11 step2.log
-rw-r--r--   1 yerihan3763  yerihan3763  40502  7 30 11:11 step3.log
yerihan3763@c4r2s8 Codyssey_M1 % 
yerihan3763@c4r2s8 Codyssey_M1 % 
yerihan3763@c4r2s8 Codyssey_M1 % mkdir docker-practice
yerihan3763@c4r2s8 Codyssey_M1 % 
yerihan3763@c4r2s8 Codyssey_M1 % cd docker-practice
yerihan3763@c4r2s8 docker-practice % ls -la
total 0
drwxr-xr-x  2 yerihan3763  yerihan3763   64  7 30 11:16 .
drwxr-xr-x  8 yerihan3763  yerihan3763  256  7 30 11:16 ..
yerihan3763@c4r2s8 docker-practice % touch Dockerfile
yerihan3763@c4r2s8 docker-practice % code .
yerihan3763@c4r2s8 docker-practice % ls -la
total 16
drwxr-xr-x  4 yerihan3763  yerihan3763  128  7 30 11:19 .
drwxr-xr-x  8 yerihan3763  yerihan3763  256  7 30 11:16 ..
-rw-r--r--  1 yerihan3763  yerihan3763  128  7 30 11:19 Dockerfile
-rw-r--r--  1 yerihan3763  yerihan3763  729  7 30 11:20 index.html
yerihan3763@c4r2s8 docker-practice % docker build -t my-nginx:v1 .
[+] Building 7.8s (7/7) FINISHED                                               docker:orbstack
 => [internal] load build definition from Dockerfile                                      0.2s
 => => transferring dockerfile: 167B                                                      0.0s
 => [internal] load metadata for docker.io/library/nginx:latest                           2.7s
 => [internal] load .dockerignore                                                         0.1s
 => => transferring context: 2B                                                           0.0s
 => [internal] load build context                                                         0.2s
 => => transferring context: 768B                                                         0.0s
 => [1/2] FROM docker.io/library/nginx:latest@sha256:5a88c9c45479443d7be2eadc894b4ed0a98  4.1s
 => => resolve docker.io/library/nginx:latest@sha256:5a88c9c45479443d7be2eadc894b4ed0a98  0.2s
 => => sha256:db4f612f385437d11eb26620a4f1d7efb3ff44e1296a3c21540b30454e 2.29kB / 2.29kB  0.0s
 => => sha256:5a88c9c45479443d7be2eadc894b4ed0a9801bae03d97a5760ae13b5 10.23kB / 10.23kB  0.0s
 => => sha256:4e5db4761e0ff445f7fd29aad680ad28e8abf7d204895557f145d65535 9.09kB / 9.09kB  0.0s
 => => sha256:062e450697faa5f02a3a74eba9864ee4d79bc9cfbd65769fc6cdff2c 29.78MB / 29.78MB  0.8s
 => => sha256:82454cdbf456a77f9ff1bb88b121c2a739e38c30ea689c135c7cca62 33.33MB / 33.33MB  1.0s
 => => sha256:3c7ab7949321f47c96fc0918f9f72e8f51bd452cdef1e0dad9599880317380 626B / 626B  0.7s
 => => sha256:cacfcdd01f309c65d69372716e799ea741065ac1b1e60880b3a6981ae105cb 955B / 955B  0.9s
 => => extracting sha256:062e450697faa5f02a3a74eba9864ee4d79bc9cfbd65769fc6cdff2c05c6a05  1.0s
 => => sha256:b6698f04e005497a7f495c0719358d43890cb3997ad7b4ab0b06748247c574 403B / 403B  1.1s
 => => sha256:2bedaf25031a24fb70b9dc2d56cb17139186d1ae5fd2054ecbd0dfe1a6 1.21kB / 1.21kB  1.2s
 => => sha256:d26f27cc8c41e321394cb3c9a80915d90d5f1f1d3cbbbcda3be00f13c5 1.40kB / 1.40kB  1.3s
 => => extracting sha256:82454cdbf456a77f9ff1bb88b121c2a739e38c30ea689c135c7cca6249eabe4  0.7s
 => => extracting sha256:3c7ab7949321f47c96fc0918f9f72e8f51bd452cdef1e0dad9599880317380b  0.0s
 => => extracting sha256:cacfcdd01f309c65d69372716e799ea741065ac1b1e60880b3a6981ae105cb5  0.0s
 => => extracting sha256:b6698f04e005497a7f495c0719358d43890cb3997ad7b4ab0b06748247c574a  0.0s
 => => extracting sha256:2bedaf25031a24fb70b9dc2d56cb17139186d1ae5fd2054ecbd0dfe1a69585b  0.0s
 => => extracting sha256:d26f27cc8c41e321394cb3c9a80915d90d5f1f1d3cbbbcda3be00f13c53b041  0.0s
 => [2/2] COPY index.html /usr/share/nginx/html/index.html                                0.4s
 => exporting to image                                                                    0.2s
 => => exporting layers                                                                   0.1s
 => => writing image sha256:9f3fdd8060d591727c4dd099f9e56405f92b2de5873509019acc1e86b2e7  0.0s
 => => naming to docker.io/library/my-nginx:v1                                            0.0s
yerihan3763@c4r2s8 docker-practice % docker images
REPOSITORY   TAG       IMAGE ID       CREATED          SIZE
my-nginx     v1        9f3fdd8060d5   16 seconds ago   161MB
yerihan3763@c4r2s8 docker-practice % docker run -it nginx
Unable to find image 'nginx:latest' locally
latest: Pulling from library/nginx
062e450697fa: Already exists 
82454cdbf456: Already exists 
3c7ab7949321: Already exists 
cacfcdd01f30: Already exists 
b6698f04e005: Already exists 
2bedaf25031a: Already exists 
d26f27cc8c41: Already exists 
Digest: sha256:5a88c9c45479443d7be2eadc894b4ed0a9801bae03d97a5760ae13b5c2005942
Status: Downloaded newer image for nginx:latest
/docker-entrypoint.sh: /docker-entrypoint.d/ is not empty, will attempt to perform configuration
/docker-entrypoint.sh: Looking for shell scripts in /docker-entrypoint.d/
/docker-entrypoint.sh: Launching /docker-entrypoint.d/10-listen-on-ipv6-by-default.sh
10-listen-on-ipv6-by-default.sh: info: Getting the checksum of /etc/nginx/conf.d/default.conf
10-listen-on-ipv6-by-default.sh: info: Enabled listen on IPv6 in /etc/nginx/conf.d/default.conf
/docker-entrypoint.sh: Sourcing /docker-entrypoint.d/15-local-resolvers.envsh
/docker-entrypoint.sh: Launching /docker-entrypoint.d/20-envsubst-on-templates.sh
/docker-entrypoint.sh: Launching /docker-entrypoint.d/30-tune-worker-processes.sh
/docker-entrypoint.sh: Configuration complete; ready for start up
2026/07/30 02:23:23 [notice] 1#1: using the "epoll" event method
2026/07/30 02:23:23 [notice] 1#1: nginx/1.31.3
2026/07/30 02:23:23 [notice] 1#1: built by gcc 14.2.0 (Debian 14.2.0-19) 
2026/07/30 02:23:23 [notice] 1#1: OS: Linux 6.17.8-orbstack-00308-g8f9c941121b1
2026/07/30 02:23:23 [notice] 1#1: getrlimit(RLIMIT_NOFILE): 20480:1048576
2026/07/30 02:23:23 [notice] 1#1: start worker processes
2026/07/30 02:23:23 [notice] 1#1: start worker process 29
2026/07/30 02:23:23 [notice] 1#1: start worker process 30
2026/07/30 02:23:23 [notice] 1#1: start worker process 31
2026/07/30 02:23:23 [notice] 1#1: start worker process 32
2026/07/30 02:23:23 [notice] 1#1: start worker process 33
2026/07/30 02:23:23 [notice] 1#1: start worker process 34


^C2026/07/30 02:25:35 [notice] 33#33: signal 2 (SIGINT) received, exiting
2026/07/30 02:25:35 [notice] 30#30: signal 2 (SIGINT) received, exiting
2026/07/30 02:25:35 [notice] 1#1: signal 2 (SIGINT) received, exiting
2026/07/30 02:25:35 [notice] 29#29: signal 2 (SIGINT) received, exiting
2026/07/30 02:25:35 [notice] 30#30: exiting
2026/07/30 02:25:35 [notice] 34#34: signal 2 (SIGINT) received, exiting
2026/07/30 02:25:35 [notice] 33#33: exiting
2026/07/30 02:25:35 [notice] 34#34: exiting
2026/07/30 02:25:35 [notice] 30#30: exit
2026/07/30 02:25:35 [notice] 34#34: exit
2026/07/30 02:25:35 [notice] 31#31: signal 2 (SIGINT) received, exiting
2026/07/30 02:25:35 [notice] 31#31: exiting
2026/07/30 02:25:35 [notice] 33#33: exit
2026/07/30 02:25:35 [notice] 29#29: exiting
2026/07/30 02:25:35 [notice] 29#29: exit
2026/07/30 02:25:35 [notice] 31#31: exit
2026/07/30 02:25:35 [notice] 32#32: signal 2 (SIGINT) received, exiting
2026/07/30 02:25:35 [notice] 32#32: exiting
2026/07/30 02:25:35 [notice] 32#32: exit
2026/07/30 02:25:35 [notice] 1#1: signal 17 (SIGCHLD) received from 32
2026/07/30 02:25:35 [notice] 1#1: worker process 32 exited with code 0
2026/07/30 02:25:35 [notice] 1#1: signal 29 (SIGIO) received
2026/07/30 02:25:35 [notice] 1#1: signal 17 (SIGCHLD) received from 34
2026/07/30 02:25:35 [notice] 1#1: worker process 30 exited with code 0
2026/07/30 02:25:35 [notice] 1#1: worker process 34 exited with code 0
2026/07/30 02:25:35 [notice] 1#1: signal 29 (SIGIO) received
2026/07/30 02:25:35 [notice] 1#1: signal 17 (SIGCHLD) received from 29
2026/07/30 02:25:35 [notice] 1#1: worker process 29 exited with code 0
2026/07/30 02:25:35 [notice] 1#1: worker process 31 exited with code 0
2026/07/30 02:25:35 [notice] 1#1: worker process 33 exited with code 0
2026/07/30 02:25:35 [notice] 1#1: exit
yerihan3763@c4r2s8 docker-practice % 
yerihan3763@c4r2s8 docker-practice % docker images
REPOSITORY   TAG       IMAGE ID       CREATED         SIZE
my-nginx     v1        9f3fdd8060d5   4 minutes ago   161MB
nginx        latest    4e5db4761e0f   2 weeks ago     161MB
yerihan3763@c4r2s8 docker-practice % docker rmi nginx
Error response from daemon: conflict: unable to remove repository reference "nginx" (must force) - container 070f78f72b3d is using its referenced image 4e5db4761e0f
yerihan3763@c4r2s8 docker-practice % docker ps -a
CONTAINER ID   IMAGE     COMMAND                   CREATED         STATUS                      PORTS     NAMES
070f78f72b3d   nginx     "/docker-entrypoint.…"   2 minutes ago   Exited (0) 34 seconds ago             competent_almeida
yerihan3763@c4r2s8 docker-practice % docker rm 070f78f72b3d
070f78f72b3d
yerihan3763@c4r2s8 docker-practice % docker ps -a
CONTAINER ID   IMAGE     COMMAND   CREATED   STATUS    PORTS     NAMES
yerihan3763@c4r2s8 docker-practice % docker rmi ngnix
Error response from daemon: No such image: ngnix:latest
yerihan3763@c4r2s8 docker-practice % docker images
REPOSITORY   TAG       IMAGE ID       CREATED         SIZE
my-nginx     v1        9f3fdd8060d5   5 minutes ago   161MB
nginx        latest    4e5db4761e0f   2 weeks ago     161MB
yerihan3763@c4r2s8 docker-practice % docker rmi nginx
Untagged: nginx:latest
Untagged: nginx@sha256:5a88c9c45479443d7be2eadc894b4ed0a9801bae03d97a5760ae13b5c2005942
Deleted: sha256:4e5db4761e0ff445f7fd29aad680ad28e8abf7d204895557f145d65535abcc1c
yerihan3763@c4r2s8 docker-practice % docker images
REPOSITORY   TAG       IMAGE ID       CREATED         SIZE
my-nginx     v1        9f3fdd8060d5   5 minutes ago   161MB
yerihan3763@c4r2s8 docker-practice % 
yerihan3763@c4r2s8 docker-practice % 
yerihan3763@c4r2s8 docker-practice % docker run -d -p 8080:80 --name my-nginx-container my-nginx:v1
0c5b4d1441a666d581d544487e86d2b02303d59323a20b2fb5688ad5800e1ee5
yerihan3763@c4r2s8 docker-practice % 
yerihan3763@c4r2s8 docker-practice % 
yerihan3763@c4r2s8 docker-practice % docker ps -a
CONTAINER ID   IMAGE         COMMAND                   CREATED         STATUS         PORTS                                     NAMES
0c5b4d1441a6   my-nginx:v1   "/docker-entrypoint.…"   4 seconds ago   Up 3 seconds   0.0.0.0:8080->80/tcp, [::]:8080->80/tcp   my-nginx-container
yerihan3763@c4r2s8 docker-practice % ls -la
total 16
drwxr-xr-x  4 yerihan3763  yerihan3763  128  7 30 11:19 .
drwxr-xr-x  8 yerihan3763  yerihan3763  256  7 30 11:16 ..
-rw-r--r--  1 yerihan3763  yerihan3763  128  7 30 11:19 Dockerfile
-rw-r--r--  1 yerihan3763  yerihan3763  729  7 30 11:20 index.html
yerihan3763@c4r2s8 docker-practice % vi index.html
yerihan3763@c4r2s8 docker-practice % ll
zsh: command not found: ll
yerihan3763@c4r2s8 docker-practice % ls -la
total 16
drwxr-xr-x  4 yerihan3763  yerihan3763  128  7 30 11:29 .
drwxr-xr-x  8 yerihan3763  yerihan3763  256  7 30 11:16 ..
-rw-r--r--  1 yerihan3763  yerihan3763  128  7 30 11:19 Dockerfile
-rw-r--r--  1 yerihan3763  yerihan3763  726  7 30 11:29 index.html
yerihan3763@c4r2s8 docker-practice % docker ps -a
CONTAINER ID   IMAGE         COMMAND                   CREATED         STATUS         PORTS                                     NAMES
0c5b4d1441a6   my-nginx:v1   "/docker-entrypoint.…"   4 minutes ago   Up 4 minutes   0.0.0.0:8080->80/tcp, [::]:8080->80/tcp   my-nginx-container
yerihan3763@c4r2s8 docker-practice % docker stop 0c5b4d1441a6
0c5b4d1441a6
yerihan3763@c4r2s8 docker-practice % docker ps -a
CONTAINER ID   IMAGE         COMMAND                   CREATED         STATUS                     PORTS     NAMES
0c5b4d1441a6   my-nginx:v1   "/docker-entrypoint.…"   4 minutes ago   Exited (0) 4 seconds ago             my-nginx-container
yerihan3763@c4r2s8 docker-practice % 
yerihan3763@c4r2s8 docker-practice % docker rm 0c5b4d1441a6
0c5b4d1441a6
yerihan3763@c4r2s8 docker-practice % docker ps -a
CONTAINER ID   IMAGE     COMMAND   CREATED   STATUS    PORTS     NAMES
yerihan3763@c4r2s8 docker-practice % 
yerihan3763@c4r2s8 docker-practice % ls -la    
total 16
drwxr-xr-x  4 yerihan3763  yerihan3763  128  7 30 11:29 .
drwxr-xr-x  8 yerihan3763  yerihan3763  256  7 30 11:16 ..
-rw-r--r--  1 yerihan3763  yerihan3763  128  7 30 11:19 Dockerfile
-rw-r--r--  1 yerihan3763  yerihan3763  726  7 30 11:29 index.html
yerihan3763@c4r2s8 docker-practice % docker run -d -p 8080:80 --name my-nginx-mount -v $(pwd):/user/share/nginx/html nginx:latest
Unable to find image 'nginx:latest' locally
latest: Pulling from library/nginx
062e450697fa: Already exists 
82454cdbf456: Already exists 
3c7ab7949321: Already exists 
cacfcdd01f30: Already exists 
b6698f04e005: Already exists 
2bedaf25031a: Already exists 
d26f27cc8c41: Already exists 
Digest: sha256:5a88c9c45479443d7be2eadc894b4ed0a9801bae03d97a5760ae13b5c2005942
Status: Downloaded newer image for nginx:latest
7979b3a0ec6ff4ad189723fbcf5a69e4908d448b67ce81eb1b1324640553b758
yerihan3763@c4r2s8 docker-practice % docker ps -a
CONTAINER ID   IMAGE          COMMAND                   CREATED         STATUS         PORTS                                     NAMES
7979b3a0ec6f   nginx:latest   "/docker-entrypoint.…"   9 seconds ago   Up 8 seconds   0.0.0.0:8080->80/tcp, [::]:8080->80/tcp   my-nginx-mount
yerihan3763@c4r2s8 docker-practice % ls -la
total 16
drwxr-xr-x  4 yerihan3763  yerihan3763  128  7 30 11:29 .
drwxr-xr-x  8 yerihan3763  yerihan3763  256  7 30 11:16 ..
-rw-r--r--  1 yerihan3763  yerihan3763  128  7 30 11:19 Dockerfile
-rw-r--r--  1 yerihan3763  yerihan3763  726  7 30 11:29 index.html
yerihan3763@c4r2s8 docker-practice % vi index.html
yerihan3763@c4r2s8 docker-practice % 
yerihan3763@c4r2s8 docker-practice % 
yerihan3763@c4r2s8 docker-practice % 
yerihan3763@c4r2s8 docker-practice % 
yerihan3763@c4r2s8 docker-practice % 
yerihan3763@c4r2s8 docker-practice % docker stop 7979b3a0ec6f
7979b3a0ec6f
yerihan3763@c4r2s8 docker-practice % docker rm 7979b3a0ec6f
7979b3a0ec6f
yerihan3763@c4r2s8 docker-practice % docker images                                            
REPOSITORY   TAG       IMAGE ID       CREATED          SIZE
my-nginx     v1        9f3fdd8060d5   15 minutes ago   161MB
nginx        latest    4e5db4761e0f   2 weeks ago      161MB
yerihan3763@c4r2s8 docker-practice % docker run -d -p 8080:80 --name my-nginx-mount -v $(pwd):/user/share/nginx/html nginx:latest
a446d78ae2317f5a9c1fbbb0f8d3ffd9ac4e73dc6a3c253e35c333b403bdced0
yerihan3763@c4r2s8 docker-practice % 
yerihan3763@c4r2s8 docker-practice % 
yerihan3763@c4r2s8 docker-practice % docker ps -a
CONTAINER ID   IMAGE          COMMAND                   CREATED          STATUS         PORTS                                     NAMES
a446d78ae231   nginx:latest   "/docker-entrypoint.…"   10 seconds ago   Up 9 seconds   0.0.0.0:8080->80/tcp, [::]:8080->80/tcp   my-nginx-mount
yerihan3763@c4r2s8 docker-practice % docker attach 7979b3a0ec6f
Error response from daemon: No such container: 7979b3a0ec6f
yerihan3763@c4r2s8 docker-practice % docker ps -a
CONTAINER ID   IMAGE          COMMAND                   CREATED          STATUS          PORTS                                     NAMES
a446d78ae231   nginx:latest   "/docker-entrypoint.…"   41 seconds ago   Up 40 seconds   0.0.0.0:8080->80/tcp, [::]:8080->80/tcp   my-nginx-mount
yerihan3763@c4r2s8 docker-practice % 
yerihan3763@c4r2s8 docker-practice % docker attach my-nginx-mount





^C2026/07/30 02:39:18 [notice] 1#1: signal 2 (SIGINT) received, exiting
2026/07/30 02:39:18 [notice] 29#29: exiting
2026/07/30 02:39:18 [notice] 30#30: exiting
2026/07/30 02:39:18 [notice] 30#30: exit
2026/07/30 02:39:18 [notice] 29#29: exit
2026/07/30 02:39:18 [notice] 31#31: exiting
2026/07/30 02:39:18 [notice] 32#32: exiting
2026/07/30 02:39:18 [notice] 34#34: exiting
2026/07/30 02:39:18 [notice] 31#31: exit
2026/07/30 02:39:18 [notice] 34#34: exit
2026/07/30 02:39:18 [notice] 32#32: exit
2026/07/30 02:39:18 [notice] 33#33: exiting
2026/07/30 02:39:18 [notice] 33#33: exit
2026/07/30 02:39:18 [notice] 1#1: signal 17 (SIGCHLD) received from 34
2026/07/30 02:39:18 [notice] 1#1: worker process 34 exited with code 0
2026/07/30 02:39:18 [notice] 1#1: signal 29 (SIGIO) received
2026/07/30 02:39:18 [notice] 1#1: signal 17 (SIGCHLD) received from 29
2026/07/30 02:39:18 [notice] 1#1: worker process 29 exited with code 0
2026/07/30 02:39:18 [notice] 1#1: signal 29 (SIGIO) received
2026/07/30 02:39:18 [notice] 1#1: signal 17 (SIGCHLD) received from 30
2026/07/30 02:39:18 [notice] 1#1: worker process 30 exited with code 0
2026/07/30 02:39:18 [notice] 1#1: signal 29 (SIGIO) received
2026/07/30 02:39:18 [notice] 1#1: signal 17 (SIGCHLD) received from 31
2026/07/30 02:39:18 [notice] 1#1: worker process 31 exited with code 0
2026/07/30 02:39:18 [notice] 1#1: signal 29 (SIGIO) received
2026/07/30 02:39:18 [notice] 1#1: signal 17 (SIGCHLD) received from 32
2026/07/30 02:39:18 [notice] 1#1: worker process 32 exited with code 0
2026/07/30 02:39:18 [notice] 1#1: signal 29 (SIGIO) received
2026/07/30 02:39:18 [notice] 1#1: signal 17 (SIGCHLD) received from 33
2026/07/30 02:39:18 [notice] 1#1: worker process 33 exited with code 0
2026/07/30 02:39:18 [notice] 1#1: exit
yerihan3763@c4r2s8 docker-practice % docker ps -a
CONTAINER ID   IMAGE          COMMAND                   CREATED              STATUS                     PORTS     NAMES
a446d78ae231   nginx:latest   "/docker-entrypoint.…"   About a minute ago   Exited (0) 8 seconds ago             my-nginx-mount
yerihan3763@c4r2s8 docker-practice % docker exect -it my-nginx-mount /bin/bash
unknown shorthand flag: 'i' in -it

Usage:  docker [OPTIONS] COMMAND [ARG...]

Run 'docker --help' for more information
yerihan3763@c4r2s8 docker-practice % docker exec -it my-nginx-mount /bin/bash 
Error response from daemon: container a446d78ae2317f5a9c1fbbb0f8d3ffd9ac4e73dc6a3c253e35c333b403bdced0 is not running
yerihan3763@c4r2s8 docker-practice % docker ps -a
CONTAINER ID   IMAGE          COMMAND                   CREATED         STATUS                          PORTS     NAMES
a446d78ae231   nginx:latest   "/docker-entrypoint.…"   2 minutes ago   Exited (0) About a minute ago             my-nginx-mount
yerihan3763@c4r2s8 docker-practice % 
yerihan3763@c4r2s8 docker-practice % cd ..  
yerihan3763@c4r2s8 Codyssey_M1 % ls -la
total 128
drwxr-xr-x   8 yerihan3763  yerihan3763    256  7 30 11:16 .
drwxr-x---+ 22 yerihan3763  yerihan3763    704  7 30 11:35 ..
drwxr-xr-x  13 yerihan3763  yerihan3763    416  7 30 11:17 .git
drwxr-xr-x   4 yerihan3763  yerihan3763    128  7 30 11:35 docker-practice
-rw-r--r--   1 yerihan3763  yerihan3763   3039  7 30 11:11 README.md
-rw-r--r--   1 yerihan3763  yerihan3763   6614  7 30 11:11 step1.log
-rw-r--r--   1 yerihan3763  yerihan3763   9721  7 30 11:11 step2.log
-rw-r--r--   1 yerihan3763  yerihan3763  40502  7 30 11:11 step3.log
yerihan3763@c4r2s8 Codyssey_M1 % mv step1.log step0.log
yerihan3763@c4r2s8 Codyssey_M1 % mv step2.log step1.log
yerihan3763@c4r2s8 Codyssey_M1 % mv step3.log step2.log
yerihan3763@c4r2s8 Codyssey_M1 % docker ps -a
CONTAINER ID   IMAGE          COMMAND                   CREATED             STATUS                         PORTS     NAMES
a446d78ae231   nginx:latest   "/docker-entrypoint.…"   About an hour ago   Exited (0) About an hour ago             my-nginx-mount
yerihan3763@c4r2s8 Codyssey_M1 % docker start my-nginx-mount
my-nginx-mount
yerihan3763@c4r2s8 Codyssey_M1 % ls -la
total 128
drwxr-xr-x   8 yerihan3763  yerihan3763    256  7 30 12:39 .
drwxr-x---+ 22 yerihan3763  yerihan3763    704  7 30 11:35 ..
drwxr-xr-x  13 yerihan3763  yerihan3763    416  7 30 11:17 .git
drwxr-xr-x   4 yerihan3763  yerihan3763    128  7 30 11:35 docker-practice
-rw-r--r--   1 yerihan3763  yerihan3763   3039  7 30 11:11 README.md
-rw-r--r--   1 yerihan3763  yerihan3763   6614  7 30 11:11 step0.log
-rw-r--r--   1 yerihan3763  yerihan3763   9721  7 30 11:11 step1.log
-rw-r--r--   1 yerihan3763  yerihan3763  40502  7 30 11:11 step2.log
yerihan3763@c4r2s8 Codyssey_M1 % cd docker-practice 
yerihan3763@c4r2s8 docker-practice % ls -la
total 16
drwxr-xr-x  4 yerihan3763  yerihan3763  128  7 30 11:35 .
drwxr-xr-x  8 yerihan3763  yerihan3763  256  7 30 12:39 ..
-rw-r--r--  1 yerihan3763  yerihan3763  128  7 30 11:19 Dockerfile
-rw-r--r--  1 yerihan3763  yerihan3763  726  7 30 11:29 index.html
yerihan3763@c4r2s8 docker-practice % 
yerihan3763@c4r2s8 docker-practice % 
yerihan3763@c4r2s8 docker-practice % docker ps -a
CONTAINER ID   IMAGE          COMMAND                   CREATED             STATUS         PORTS                                     NAMES
a446d78ae231   nginx:latest   "/docker-entrypoint.…"   About an hour ago   Up 3 minutes   0.0.0.0:8080->80/tcp, [::]:8080->80/tcp   my-nginx-mount
yerihan3763@c4r2s8 docker-practice % docker stop my-nginx-mount
my-nginx-mount
yerihan3763@c4r2s8 docker-practice % docker ps -a
CONTAINER ID   IMAGE          COMMAND                   CREATED             STATUS                     PORTS     NAMES
a446d78ae231   nginx:latest   "/docker-entrypoint.…"   About an hour ago   Exited (0) 6 seconds ago             my-nginx-mount
yerihan3763@c4r2s8 docker-practice % docker rm my-nginx-mount
my-nginx-mount
yerihan3763@c4r2s8 docker-practice % docker run -d -p 8080:80 -v $(pwd):/usr/share/nginx/html nginx:latest
9dc2512f59d11f4718a58231f79c6f4a804f1d94d54ef0fd77f2aef18ff363e2
yerihan3763@c4r2s8 docker-practice % 
yerihan3763@c4r2s8 docker-practice % 
yerihan3763@c4r2s8 docker-practice % 
yerihan3763@c4r2s8 docker-practice % 
yerihan3763@c4r2s8 docker-practice % docker run -d -p 8080:80 --name my-nginx-mount -v $(pwd):/user/share/nginx/html nginx:latest
yerihan3763@c4r2s8 docker-practice % 
yerihan3763@c4r2s8 docker-practice % 
yerihan3763@c4r2s8 docker-practice % vi index.html
yerihan3763@c4r2s8 docker-practice %              
yerihan3763@c4r2s8 docker-practice % 
yerihan3763@c4r2s8 docker-practice % 
yerihan3763@c4r2s8 docker-practice % docker ps -a                                                         
CONTAINER ID   IMAGE          COMMAND                   CREATED         STATUS         PORTS                                     NAMES
9dc2512f59d1   nginx:latest   "/docker-entrypoint.…"   7 minutes ago   Up 7 minutes   0.0.0.0:8080->80/tcp, [::]:8080->80/tcp   nifty_kapitsa
yerihan3763@c4r2s8 docker-practice % docker stop nifty_kapitsa
nifty_kapitsa
yerihan3763@c4r2s8 docker-practice % 
yerihan3763@c4r2s8 docker-practice % docker rm nifty_kapitsa 
nifty_kapitsa
yerihan3763@c4r2s8 docker-practice % docker run -d -p 8090:80 -v $(pwd):/usr/share/nginx/html nginx:latest 
1676588c03783d53ad40d0840d3d0e750391e00f437cf26ac46ba92c38541862
yerihan3763@c4r2s8 docker-practice % 
yerihan3763@c4r2s8 docker-practice % 
yerihan3763@c4r2s8 docker-practice % 
yerihan3763@c4r2s8 docker-practice % vi index.html
yerihan3763@c4r2s8 docker-practice % 
yerihan3763@c4r2s8 docker-practice % 
yerihan3763@c4r2s8 docker-practice % docker ps -a
CONTAINER ID   IMAGE          COMMAND                   CREATED          STATUS          PORTS                                     NAMES
1676588c0378   nginx:latest   "/docker-entrypoint.…"   24 minutes ago   Up 24 minutes   0.0.0.0:8090->80/tcp, [::]:8090->80/tcp   eloquent_ellis
yerihan3763@c4r2s8 docker-practice % docker stop eloquent_ellis
eloquent_ellis
yerihan3763@c4r2s8 docker-practice % docker rm eloquent_ellis
eloquent_ellis
yerihan3763@c4r2s8 docker-practice % docker ps -a
CONTAINER ID   IMAGE     COMMAND   CREATED   STATUS    PORTS     NAMES
yerihan3763@c4r2s8 docker-practice % docker volume ls
DRIVER    VOLUME NAME
yerihan3763@c4r2s8 docker-practice % docker volume create my-volume
my-volume
yerihan3763@c4r2s8 docker-practice % docker volume ls
DRIVER    VOLUME NAME
local     my-volume
yerihan3763@c4r2s8 docker-practice % docker run -it --name volume-test -v my-volume:/data ubuntu /bin/bash
Unable to find image 'ubuntu:latest' locally
latest: Pulling from library/ubuntu
ed819469700f: Pull complete 
a3679419df18: Pull complete 
Digest: sha256:3131b4cc82a783df6c9df078f86e01819a13594b865c2cad47bd1bca2b7063bb
Status: Downloaded newer image for ubuntu:latest
root@199420151d84:/# docker ps -a
bash: docker: command not found
root@199420151d84:/# 
root@199420151d84:/# 
root@199420151d84:/# %                                                                                                     yerihan3763@c4r2s8 docker-practice % docker ps -a
CONTAINER ID   IMAGE     COMMAND       CREATED          STATUS          PORTS     NAMES
199420151d84   ubuntu    "/bin/bash"   22 seconds ago   Up 22 seconds             volume-test
yerihan3763@c4r2s8 docker-practice % docker attach volume-test
root@199420151d84:/# 
root@199420151d84:/# 
root@199420151d84:/# 
root@199420151d84:/# cd /data
root@199420151d84:/data# docker ps -' > volume-test.txt
> 
> quit
> ^C
root@199420151d84:/data# 
root@199420151d84:/data# 
root@199420151d84:/data# touch volume-test.txt
root@199420151d84:/data# vi volume-test.txt
bash: vi: command not found
root@199420151d84:/data# echo 'test test' > volume-test.txt
root@199420151d84:/data# cat volume-test.txt 
test test
root@199420151d84:/data# 
root@199420151d84:/data# exit
exit
yerihan3763@c4r2s8 docker-practice % docker ps -a
CONTAINER ID   IMAGE     COMMAND       CREATED         STATUS                     PORTS     NAMES
199420151d84   ubuntu    "/bin/bash"   2 minutes ago   Exited (0) 3 seconds ago             volume-test
yerihan3763@c4r2s8 docker-practice % docker rm volume-test
volume-test
yerihan3763@c4r2s8 docker-practice % docker ps -a
CONTAINER ID   IMAGE     COMMAND   CREATED   STATUS    PORTS     NAMES
yerihan3763@c4r2s8 docker-practice % docker volume ls
DRIVER    VOLUME NAME
local     my-volume
yerihan3763@c4r2s8 docker-practice % docker run -it --name volume-test2 -v my-volume:/data ubuntu /bin/bash
root@daaa8421dadf:/# 
root@daaa8421dadf:/# cd /data
root@daaa8421dadf:/data# ls -la
total 4
drwxr-xr-x 1 root root 30 Jul 30 04:20 .
drwxr-xr-x 1 root root 14 Jul 30 04:22 ..
-rw-r--r-- 1 root root 10 Jul 30 04:21 volume-test.txt
root@daaa8421dadf:/data# cat volume-test.txt 
test test
root@daaa8421dadf:/data# 
root@daaa8421dadf:/data# 
root@daaa8421dadf:/data# 
root@daaa8421dadf:/data# exit
exit
yerihan3763@c4r2s8 docker-practice % docker ps -a
CONTAINER ID   IMAGE     COMMAND       CREATED          STATUS                     PORTS     NAMES
daaa8421dadf   ubuntu    "/bin/bash"   26 seconds ago   Exited (0) 5 seconds ago             volume-test2
yerihan3763@c4r2s8 docker-practice % docker rm volume-test2
volume-test2
yerihan3763@c4r2s8 docker-practice % docker volume ls 
DRIVER    VOLUME NAME
local     my-volume
yerihan3763@c4r2s8 docker-practice % docker volume ls my-volume
docker: 'docker volume ls' accepts no arguments

Usage:  docker volume ls [OPTIONS]

Run 'docker volume ls --help' for more information
yerihan3763@c4r2s8 docker-practice % docker volume rm vmy-volume
Error response from daemon: get vmy-volume: no such volume
yerihan3763@c4r2s8 docker-practice % 
yerihan3763@c4r2s8 docker-practice % docker volume ls
DRIVER    VOLUME NAME
local     my-volume
yerihan3763@c4r2s8 docker-practice % docker volume rm my-volume
my-volume
yerihan37