## git clone from github repository
yerihan3763@c5r6s7 ~ % git --version
git version 2.53.0
yerihan3763@c5r6s7 ~ % git clone https://github.com/yerihanview/Codyssey_M1
Cloning into 'Codyssey_M1'...
warning: You appear to have cloned an empty repository.

## 복제된 git 폴더 확인하기
yerihan3763@c5r6s7 ~ % ls -la
total 8
drwxr-x---+ 15 yerihan3763  yerihan3763   480 Jul 29 14:50 .
drwxr-xr-x   9 root         admin         288 Jul 29 12:56 ..
-r--------   1 yerihan3763  yerihan3763     7 Jul 29 12:56 .CFUserTextEncoding
drwx------+  2 yerihan3763  yerihan3763    64 Jul 29 12:57 .Trash
drwxr-xr-x   3 yerihan3763  yerihan3763    96 Jul 29 12:57 .vscode
drwx------   3 yerihan3763  yerihan3763    96 Jul 29 14:40 .zsh_sessions
drwxr-xr-x   3 yerihan3763  yerihan3763    96 Jul 29 14:50 Codyssey_M1
drwx------+  3 yerihan3763  yerihan3763    96 Jul 29 12:56 Desktop
drwx------+  3 yerihan3763  yerihan3763    96 Jul 29 12:56 Documents
drwx------+  3 yerihan3763  yerihan3763    96 Jul 29 12:56 Downloads
drwx------@ 76 yerihan3763  yerihan3763  2432 Jul 29 13:18 Library
drwx------   3 yerihan3763  yerihan3763    96 Jul 29 12:56 Movies
drwx------+  3 yerihan3763  yerihan3763    96 Jul 29 12:56 Music
drwx------+  4 yerihan3763  yerihan3763   128 Jul 29 12:56 Pictures
drwxr-xr-x+  4 yerihan3763  yerihan3763   128 Jul 29 12:56 Public
yerihan3763@c5r6s7 ~ % 
yerihan3763@c5r6s7 ~ % 

yerihan3763@c5r6s7 ~ % cd Codyssey_M1 
yerihan3763@c5r6s7 Codyssey_M1 % ls -la
total 0
drwxr-xr-x   3 yerihan3763  yerihan3763   96 Jul 29 14:50 .
drwxr-x---+ 15 yerihan3763  yerihan3763  480 Jul 29 14:50 ..
drwxr-xr-x   9 yerihan3763  yerihan3763  288 Jul 29 14:50 .git

## 현재 폴더에서 VSCode 열기
yerihan3763@c5r6s7 Codyssey_M1 % 
yerihan3763@c5r6s7 Codyssey_M1 % code .

## VSCode에서 README.md 작성하기
yerihan3763@c5r6s7 Codyssey_M1 % ls -la
total 8
drwxr-xr-x   4 yerihan3763  yerihan3763   128 Jul 29 14:53 .
drwxr-x---+ 15 yerihan3763  yerihan3763   480 Jul 29 14:50 ..
drwxr-xr-x   9 yerihan3763  yerihan3763   288 Jul 29 14:50 .git
-rw-r--r--   1 yerihan3763  yerihan3763  1013 Jul 29 14:56 README.md

## 로컬PC에 임시 저장하기
yerihan3763@c5r6s7 Codyssey_M1 % git add README.md
yerihan3763@c5r6s7 Codyssey_M1 % git commit -m "docs: README 뼈대 작성"  // m(Message) 입력 옵션, 'docs:' 코드가 아니라 문서 수정
[main (root-commit) b68a2c0] docs: README 뼈대 작성
 Committer: 우광택 <yerihan3763@c5r6s7.codyssey.kr>
Your name and email address were configured automatically based
on your username and hostname. Please check that they are accurate.
You can suppress this message by setting them explicitly. Run the
following command and follow the instructions in your editor to edit
your configuration file:

    git config --global --edit

After doing this, you may fix the identity used for this commit with:

    git commit --amend --reset-author

 1 file changed, 43 insertions(+)
 create mode 100644 README.md

## github에 저장하기(실패: 권한이 없음)
yerihan3763@c5r6s7 Codyssey_M1 % git push origin main  
Username for 'https://github.com': yerihanview
Password for 'https://yerihanview@github.com': 
remote: Invalid username or token. Password authentication is not supported for Git operations. // 실패
fatal: Authentication failed for 'https://github.com/yerihanview/Codyssey_M1/'

## github에 저장하기 // 실패
yerihan3763@c5r6s7 Codyssey_M1 % git remote set-url origin https://yerihanview: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@://github.com 
yerihan3763@c5r6s7 Codyssey_M1 % 
yerihan3763@c5r6s7 Codyssey_M1 % git push origin main
fatal: unable to access 'https://://github.com/': URL rejected: No host part in the URL

## github 연결하기 (github에서 token 발급후, 인증없이 자동 로그인)
yerihan3763@c5r6s7 Codyssey_M1 % git remote set-url origin https://yerihanview:ghp_q72jZyPSCzNj1uAoGk4xu9OVcUl7UPXXXXXX@github.com/yerihanview/Codyssey_M1.git 
yerihan3763@c5r6s7 Codyssey_M1 % 
yerihan3763@c5r6s7 Codyssey_M1 % 

## github에 저장하기 (origin: 원격 저장소, main: main branch)
yerihan3763@c5r6s7 Codyssey_M1 % git push origin main
Enumerating objects: 3, done.
Counting objects: 100% (3/3), done.
Delta compression using up to 6 threads
Compressing objects: 100% (2/2), done.
Writing objects: 100% (3/3), 832 bytes | 832.00 KiB/s, done.
Total 3 (delta 0), reused 0 (delta 0), pack-reused 0 (from 0)
To https://github.com/yerihanview/Codyssey_M1.git
 * [new branch]      main -> main

## docker 기동 확인 : 실패 (OrbStack이 죽어 있음)
yerihan3763@c5r6s7 Codyssey_M1 % docker --version  
zsh: command not found: docker
yerihan3763@c5r6s7 Codyssey_M1 % orb status
zsh: command not found: orb

## OrbStack 기동 + Path 연결 + 도커 버전 확인
yerihan3763@c5r6s7 Codyssey_M1 % echo 'export PATH="$HOME/.orbstack/bin:$PATH"' >> ~/.zshrc
yerihan3763@c5r6s7 Codyssey_M1 % source ~/.zshrc  // 반드시 실행
yerihan3763@c5r6s7 Codyssey_M1 % orb status
Running
yerihan3763@c5r6s7 Codyssey_M1 % docker --version
Docker version 28.5.2, build ecc6942

## 개발 환경 정보 확인 + README.md에 기록
yerihan3763@c5r6s7 Codyssey_M1 % sw_vers
ProductName:		macOS
ProductVersion:		15.7.7
BuildVersion:		24G720

yerihan3763@c5r6s7 Codyssey_M1 % echo $SHELL
/bin/zsh

yerihan3763@c5r6s7 Codyssey_M1 % git --version
git version 2.53.0

## git(로컬)에 등록 + 저장 + gitbhub에 저장
yerihan3763@c5r6s7 Codyssey_M1 % git add README.md 
yerihan3763@c5r6s7 Codyssey_M1 % git commit -m "docs: 실행 환경 정보 추가"    
[main 257312b] docs: 실행 환경 정보 추가
 Committer: 우광택 <yerihan3763@c5r6s7.codyssey.kr>
Your name and email address were configured automatically based
on your username and hostname. Please check that they are accurate.
You can suppress this message by setting them explicitly. Run the
following command and follow the instructions in your editor to edit
your configuration file:

    git config --global --edit

After doing this, you may fix the identity used for this commit with:

    git commit --amend --reset-author

 1 file changed, 4 insertions(+), 4 deletions(-)
yerihan3763@c5r6s7 Codyssey_M1 % git push origin main
Enumerating objects: 5, done.
Counting objects: 100% (5/5), done.
Delta compression using up to 6 threads
Compressing objects: 100% (2/2), done.
Writing objects: 100% (3/3), 397 bytes | 397.00 KiB/s, done.
Total 3 (delta 1), reused 0 (delta 0), pack-reused 0 (from 0)
remote: Resolving deltas: 100% (1/1), completed with 1 local object.
To https://github.com/yerihanview/Codyssey_M1.git
   b68a2c0..257312b  main -> main


