yerihan3763@c4r2s8 Codyssey_M1 % 
yerihan3763@c4r2s8 Codyssey_M1 % 
yerihan3763@c4r2s8 Codyssey_M1 % 
yerihan3763@c4r2s8 Codyssey_M1 % 
yerihan3763@c4r2s8 Codyssey_M1 % orb status
Stopped
yerihan3763@c4r2s8 Codyssey_M1 % 
yerihan3763@c4r2s8 Codyssey_M1 % orb status
Running
yerihan3763@c4r2s8 Codyssey_M1 % 
yerihan3763@c4r2s8 Codyssey_M1 % 
yerihan3763@c4r2s8 Codyssey_M1 % docker --version
Docker version 28.5.2, build ecc6942
yerihan3763@c4r2s8 Codyssey_M1 % 
yerihan3763@c4r2s8 Codyssey_M1 % docker info
Client:
 Version:    28.5.2
 Context:    orbstack
 Debug Mode: false
 Plugins:
  buildx: Docker Buildx (Docker Inc.)
    Version:  v0.29.1
    Path:     /Users/yerihan3763/.docker/cli-plugins/docker-buildx
  compose: Docker Compose (Docker Inc.)
    Version:  v2.40.3
    Path:     /Users/yerihan3763/.docker/cli-plugins/docker-compose

Server:
 Containers: 0
  Running: 0
  Paused: 0
  Stopped: 0
 Images: 0
 Server Version: 28.5.2
 Storage Driver: overlay2
  Backing Filesystem: btrfs
  Supports d_type: true
  Using metacopy: false
  Native Overlay Diff: true
  userxattr: false
 Logging Driver: json-file
 Cgroup Driver: cgroupfs
 Cgroup Version: 2
 Plugins:
  Volume: local
  Network: bridge host ipvlan macvlan null overlay
  Log: awslogs fluentd gcplogs gelf journald json-file local splunk syslog
 CDI spec directories:
  /etc/cdi
  /var/run/cdi
 Swarm: inactive
 Runtimes: io.containerd.runc.v2 runc
 Default Runtime: runc
 Init Binary: docker-init
 containerd version: 1c4457e00facac03ce1d75f7b6777a7a851e5c41
 runc version: d842d7719497cc3b774fd71620278ac9e17710e0
 init version: de40ad0
 Security Options:
  seccomp
   Profile: builtin
  cgroupns
 Kernel Version: 6.17.8-orbstack-00308-g8f9c941121b1
 Operating System: OrbStack
 OSType: linux
 Architecture: x86_64
 CPUs: 6
 Total Memory: 15.67GiB
 Name: orbstack
 ID: d5c9778a-79b9-4533-a918-e079083ddd48
 Docker Root Dir: /var/lib/docker
 Debug Mode: false
 Experimental: false
 Insecure Registries:
  ::1/128
  127.0.0.0/8
 Live Restore Enabled: false
 Product License: Community Engine
 Default Address Pools:
   Base: 192.168.97.0/24, Size: 24
   Base: 192.168.107.0/24, Size: 24
   Base: 192.168.117.0/24, Size: 24
   Base: 192.168.147.0/24, Size: 24
   Base: 192.168.148.0/24, Size: 24
   Base: 192.168.155.0/24, Size: 24
   Base: 192.168.156.0/24, Size: 24
   Base: 192.168.158.0/24, Size: 24
   Base: 192.168.163.0/24, Size: 24
   Base: 192.168.164.0/24, Size: 24
   Base: 192.168.165.0/24, Size: 24
   Base: 192.168.166.0/24, Size: 24
   Base: 192.168.167.0/24, Size: 24
   Base: 192.168.171.0/24, Size: 24
   Base: 192.168.172.0/24, Size: 24
   Base: 192.168.181.0/24, Size: 24
   Base: 192.168.183.0/24, Size: 24
   Base: 192.168.186.0/24, Size: 24
   Base: 192.168.207.0/24, Size: 24
   Base: 192.168.214.0/24, Size: 24
   Base: 192.168.215.0/24, Size: 24
   Base: 192.168.216.0/24, Size: 24
   Base: 192.168.223.0/24, Size: 24
   Base: 192.168.227.0/24, Size: 24
   Base: 192.168.228.0/24, Size: 24
   Base: 192.168.229.0/24, Size: 24
   Base: 192.168.237.0/24, Size: 24
   Base: 192.168.239.0/24, Size: 24
   Base: 192.168.242.0/24, Size: 24
   Base: 192.168.247.0/24, Size: 24
   Base: fd07:b51a:cc66:d000::/56, Size: 64

WARNING: DOCKER_INSECURE_NO_IPTABLES_RAW is set
yerihan3763@c4r2s8 Codyssey_M1 % 
yerihan3763@c4r2s8 Codyssey_M1 % 
yerihan3763@c4r2s8 Codyssey_M1 % docker run hello-world
Unable to find image 'hello-world:latest' locally
latest: Pulling from library/hello-world
4f55086f7dd0: Pull complete 
Digest: sha256:c3cbe1cc1aa588a64951ac6286e0df7b27fe2e6324b1001c619bb358770c0178
Status: Downloaded newer image for hello-world:latest

Hello from Docker!
This message shows that your installation appears to be working correctly.

To generate this message, Docker took the following steps:
 1. The Docker client contacted the Docker daemon.
 2. The Docker daemon pulled the "hello-world" image from the Docker Hub.
    (amd64)
 3. The Docker daemon created a new container from that image which runs the
    executable that produces the output you are currently reading.
 4. The Docker daemon streamed that output to the Docker client, which sent it
    to your terminal.

To try something more ambitious, you can run an Ubuntu container with:
 $ docker run -it ubuntu bash

Share images, automate workflows, and more with a free Docker ID:
 https://hub.docker.com/

For more examples and ideas, visit:
 https://docs.docker.com/get-started/

yerihan3763@c4r2s8 Codyssey_M1 % docker ps
CONTAINER ID   IMAGE     COMMAND   CREATED   STATUS    PORTS     NAMES
yerihan3763@c4r2s8 Codyssey_M1 % docker ps -a
CONTAINER ID   IMAGE         COMMAND    CREATED         STATUS                     PORTS     NAMES
f263c2f71254   hello-world   "/hello"   5 minutes ago   Exited (0) 5 minutes ago             sad_chaplygin
yerihan3763@c4r2s8 Containers % cd ~
yerihan3763@c4r2s8 ~ % 
yerihan3763@c4r2s8 ~ % docker ps -a
CONTAINER ID   IMAGE         COMMAND    CREATED         STATUS                     PORTS     NAMES
f263c2f71254   hello-world   "/hello"   8 minutes ago   Exited (0) 8 minutes ago             sad_chaplygin


yerihan3763@c4r2s8 Codyssey_M1 %
yerihan3763@c4r2s8 Codyssey_M1 %

yerihan3763@c4r2s8 ~ % docker ps -a
CONTAINER ID   IMAGE         COMMAND    CREATED         STATUS                     PORTS     NAMES
f263c2f71254   hello-world   "/hello"   9 minutes ago   Exited (0) 9 minutes ago             sad_chaplygin
yerihan3763@c4r2s8 ~ % docker inspect f263c2f71254
[
    {
        "Id": "f263c2f7125431b7760a035c047c7477383f419e52b628b70bbdb9f2c093e245",
        "Created": "2026-07-30T00:54:33.395560336Z",
        "Path": "/hello",
        "Args": [],
        "State": {
            "Status": "exited",
            "Running": false,
            "Paused": false,
            "Restarting": false,
            "OOMKilled": false,
            "Dead": false,
            "Pid": 0,
            "ExitCode": 0,
            "Error": "",
            "StartedAt": "2026-07-30T00:54:33.567373976Z",
            "FinishedAt": "2026-07-30T00:54:33.716834387Z"
        },
        "Image": "sha256:e2ac70e7319a02c5a477f5825259bd118b94e8b02c279c67afa63adab6d8685b",
        "ResolvConfPath": "/var/lib/docker/containers/f263c2f7125431b7760a035c047c7477383f419e52b628b70bbdb9f2c093e245/resolv.conf",
        "HostnamePath": "/var/lib/docker/containers/f263c2f7125431b7760a035c047c7477383f419e52b628b70bbdb9f2c093e245/hostname",
        "HostsPath": "/var/lib/docker/containers/f263c2f7125431b7760a035c047c7477383f419e52b628b70bbdb9f2c093e245/hosts",
        "LogPath": "/var/lib/docker/containers/f263c2f7125431b7760a035c047c7477383f419e52b628b70bbdb9f2c093e245/f263c2f7125431b7760a035c047c7477383f419e52b628b70bbdb9f2c093e245-json.log",
        "Name": "/sad_chaplygin",
        "RestartCount": 0,
        "Driver": "overlay2",
        "Platform": "linux",
        "MountLabel": "",
        "ProcessLabel": "",
        "AppArmorProfile": "",
        "ExecIDs": null,
        "HostConfig": {
            "Binds": null,
            "ContainerIDFile": "",
            "LogConfig": {
                "Type": "json-file",
                "Config": {
                    "max-file": "5",
                    "max-size": "20m"
                }
            },
            "NetworkMode": "bridge",
            "PortBindings": {},
            "RestartPolicy": {
                "Name": "no",
                "MaximumRetryCount": 0
            },
            "AutoRemove": false,
            "VolumeDriver": "",
            "VolumesFrom": null,
            "ConsoleSize": [
                41,
                80
            ],
            "CapAdd": null,
            "CapDrop": null,
            "CgroupnsMode": "private",
            "Dns": [],
            "DnsOptions": [],
            "DnsSearch": [],
            "ExtraHosts": null,
            "GroupAdd": null,
            "IpcMode": "private",
            "Cgroup": "",
            "Links": null,
            "OomScoreAdj": 0,
            "PidMode": "",
            "Privileged": false,
            "PublishAllPorts": false,
            "ReadonlyRootfs": false,
            "SecurityOpt": null,
            "UTSMode": "",
            "UsernsMode": "",
            "ShmSize": 8413773824,
            "Runtime": "runc",
            "Isolation": "",
            "CpuShares": 0,
            "Memory": 0,
            "NanoCpus": 0,
            "CgroupParent": "",
            "BlkioWeight": 0,
            "BlkioWeightDevice": [],
            "BlkioDeviceReadBps": [],
            "BlkioDeviceWriteBps": [],
            "BlkioDeviceReadIOps": [],
            "BlkioDeviceWriteIOps": [],
            "CpuPeriod": 0,
            "CpuQuota": 0,
            "CpuRealtimePeriod": 0,
            "CpuRealtimeRuntime": 0,
            "CpusetCpus": "",
            "CpusetMems": "",
            "Devices": [],
            "DeviceCgroupRules": null,
            "DeviceRequests": null,
            "MemoryReservation": 0,
            "MemorySwap": 0,
            "MemorySwappiness": null,
            "OomKillDisable": null,
            "PidsLimit": null,
            "Ulimits": [],
            "CpuCount": 0,
            "CpuPercent": 0,
            "IOMaximumIOps": 0,
            "IOMaximumBandwidth": 0,
            "MaskedPaths": [
                "/proc/asound",
                "/proc/acpi",
                "/proc/interrupts",
                "/proc/kcore",
                "/proc/keys",
                "/proc/latency_stats",
                "/proc/timer_list",
                "/proc/timer_stats",
                "/proc/sched_debug",
                "/proc/scsi",
                "/sys/firmware",
                "/sys/devices/virtual/powercap"
            ],
            "ReadonlyPaths": [
                "/proc/bus",
                "/proc/fs",
                "/proc/irq",
                "/proc/sys",
                "/proc/sysrq-trigger"
            ]
        },
        "GraphDriver": {
            "Data": {
                "ID": "f263c2f7125431b7760a035c047c7477383f419e52b628b70bbdb9f2c093e245",
                "LowerDir": "/var/lib/docker/overlay2/5581481ef67106fe2d1a8612ff7769451919cc6db66d1bc9ee937b05a0b8738a-init/diff:/var/lib/docker/overlay2/cdca20420a7725b2081c52e155032c05bacfd0d7b8e994802fe386d8025eea10/diff",
                "MergedDir": "/var/lib/docker/overlay2/5581481ef67106fe2d1a8612ff7769451919cc6db66d1bc9ee937b05a0b8738a/merged",
                "UpperDir": "/var/lib/docker/overlay2/5581481ef67106fe2d1a8612ff7769451919cc6db66d1bc9ee937b05a0b8738a/diff",
                "WorkDir": "/var/lib/docker/overlay2/5581481ef67106fe2d1a8612ff7769451919cc6db66d1bc9ee937b05a0b8738a/work"
            },
            "Name": "overlay2"
        },
        "Mounts": [],
        "Config": {
            "Hostname": "f263c2f71254",
            "Domainname": "",
            "User": "",
            "AttachStdin": false,
            "AttachStdout": true,
            "AttachStderr": true,
            "Tty": false,
            "OpenStdin": false,
            "StdinOnce": false,
            "Env": [
                "PATH=/usr/local/sbin:/usr/local/bin:/usr/sbin:/usr/bin:/sbin:/bin"
            ],
            "Cmd": [
                "/hello"
            ],
            "Image": "hello-world",
            "Volumes": null,
            "WorkingDir": "/",
            "Entrypoint": null,
            "OnBuild": null,
            "Labels": {}
        },
        "NetworkSettings": {
            "Bridge": "",
            "SandboxID": "",
            "SandboxKey": "",
            "Ports": {},
            "HairpinMode": false,
            "LinkLocalIPv6Address": "",
            "LinkLocalIPv6PrefixLen": 0,
            "SecondaryIPAddresses": null,
            "SecondaryIPv6Addresses": null,
            "EndpointID": "",
            "Gateway": "",
            "GlobalIPv6Address": "",
            "GlobalIPv6PrefixLen": 0,
            "IPAddress": "",
            "IPPrefixLen": 0,
            "IPv6Gateway": "",
            "MacAddress": "",
            "Networks": {
                "bridge": {
                    "IPAMConfig": null,
                    "Links": null,
                    "Aliases": null,
                    "MacAddress": "",
                    "DriverOpts": null,
                    "GwPriority": 0,
                    "NetworkID": "4ea77ee6f387a29c4af8373bf8dda8d4f61983b2c14ec2f66b4c543dd9fa0cf4",
                    "EndpointID": "",
                    "Gateway": "",
                    "IPAddress": "",
                    "IPPrefixLen": 0,
                    "IPv6Gateway": "",
                    "GlobalIPv6Address": "",
                    "GlobalIPv6PrefixLen": 0,
                    "DNSNames": null
                }
            }
        }
    }
]
yerihan3763@c4r2s8 ~ % 
yerihan3763@c4r2s8 ~ % cd /var/lib/docker/overlay2/
cd: no such file or directory: /var/lib/docker/overlay2/
yerihan3763@c4r2s8 ~ % 
yerihan3763@c4r2s8 ~ % cd /var/
yerihan3763@c4r2s8 /var % cd lib
yerihan3763@c4r2s8 lib % ls   
postfix
yerihan3763@c4r2s8 lib % ls -la
total 0
drwxr-xr-x   3 root      wheel    96  2  1 15:03 .
drwxr-xr-x  33 root      wheel  1056  7 30 07:22 ..
drwx------   3 _postfix  wheel    96  5 12 11:10 postfix
yerihan3763@c4r2s8 lib % cd postfix 
cd: permission denied: postfix
yerihan3763@c4r2s8 lib % 
yerihan3763@c4r2s8 lib % 
yerihan3763@c4r2s8 lib % dockr run -it ubuntu /bin/bash
zsh: command not found: dockr
yerihan3763@c4r2s8 lib % docker run -it ubuntu /bin/bash
Unable to find image 'ubuntu:latest' locally
latest: Pulling from library/ubuntu
ed819469700f: Pull complete 
a3679419df18: Pull complete 
Digest: sha256:3131b4cc82a783df6c9df078f86e01819a13594b865c2cad47bd1bca2b7063bb
Status: Downloaded newer image for ubuntu:latest
root@52007bcabe5f:/# 
root@52007bcabe5f:/# whoami
root
root@52007bcabe5f:/# cat /etc/os-release 
PRETTY_NAME="Ubuntu 26.04 LTS"
NAME="Ubuntu"
VERSION_ID="26.04"
VERSION="26.04 LTS (Resolute Raccoon)"
VERSION_CODENAME=resolute
ID=ubuntu
ID_LIKE=debian
HOME_URL="https://www.ubuntu.com/"
SUPPORT_URL="https://help.ubuntu.com/"
BUG_REPORT_URL="https://bugs.launchpad.net/ubuntu/"
PRIVACY_POLICY_URL="https://www.ubuntu.com/legal/terms-and-policies/privacy-policy"
UBUNTU_CODENAME=resolute
LOGO=ubuntu-logo
root@52007bcabe5f:/# echo "I've entered a container." > /tmp/test.txt
root@52007bcabe5f:/# cat /tmp/test.txt
I've entered a container.
root@52007bcabe5f:/# exit
exit
yerihan3763@c4r2s8 lib % 
yerihan3763@c4r2s8 lib % 
yerihan3763@c4r2s8 lib % 
yerihan3763@c4r2s8 lib % docker ps -a
CONTAINER ID   IMAGE         COMMAND       CREATED              STATUS                      PORTS     NAMES
52007bcabe5f   ubuntu        "/bin/bash"   About a minute ago   Exited (0) 11 seconds ago             nifty_curie
f263c2f71254   hello-world   "/hello"      15 minutes ago       Exited (0) 15 minutes ago             sad_chaplygin
yerihan3763@c4r2s8 lib % docker run -it -d --name myubuntu ubuntu /bin/bash
c21fef3363b42476aef2f291b859769e400619ed23679128bc0b27983c25248a
yerihan3763@c4r2s8 lib % 
yerihan3763@c4r2s8 lib % docker ps -a
CONTAINER ID   IMAGE         COMMAND       CREATED          STATUS                          PORTS     NAMES
c21fef3363b4   ubuntu        "/bin/bash"   7 seconds ago    Up 6 seconds                              myubuntu
52007bcabe5f   ubuntu        "/bin/bash"   3 minutes ago    Exited (0) About a minute ago             nifty_curie
f263c2f71254   hello-world   "/hello"      17 minutes ago   Exited (0) 17 minutes ago                 sad_chaplygin
yerihan3763@c4r2s8 lib % docker attach myubuntu
root@c21fef3363b4:/# 
root@c21fef3363b4:/# 
root@c21fef3363b4:/# "attach  echo."
bash: attach  echo.: command not found
root@c21fef3363b4:/# 'attach  echo.'
bash: attach  echo.: command not found
root@c21fef3363b4:/# 
root@c21fef3363b4:/# #
root@c21fef3363b4:/#    ls -al
total 16
drwxr-xr-x   1 root root   6 Jul 30 01:11 .
drwxr-xr-x   1 root root   6 Jul 30 01:11 ..
-rwxr-xr-x   1 root root   0 Jul 30 01:11 .dockerenv
drwxr-xr-x   1 root root  26 Jul 13 16:06 .rock
lrwxrwxrwx   1 root root   7 Apr 20 08:46 bin -> usr/bin
drwxr-xr-x   1 root root   0 Apr 20 08:46 boot
drwxr-xr-x   5 root root 340 Jul 30 01:11 dev
drwxr-xr-x   1 root root  56 Jul 30 01:11 etc
drwxr-xr-x   1 root root  12 Jul 13 16:06 home
lrwxrwxrwx   1 root root   7 Apr 20 08:46 lib -> usr/lib
lrwxrwxrwx   1 root root   9 Apr 20 08:46 lib64 -> usr/lib64
drwxr-xr-x   1 root root   0 Jul 13 16:05 media
drwxr-xr-x   1 root root   0 Jul 13 16:05 mnt
drwxr-xr-x   1 root root   0 Jul 13 16:05 opt
dr-xr-xr-x 231 root root   0 Jul 30 01:11 proc
drwx------   1 root root  30 Jul 13 16:06 root
drwxr-xr-x   1 root root  22 Jul 13 16:06 run
lrwxrwxrwx   1 root root   8 Apr 20 08:46 sbin -> usr/sbin
drwxr-xr-x   1 root root   0 Jul 13 16:05 srv
dr-xr-xr-x  11 root root   0 Jul 30 01:11 sys
drwxrwxrwt   1 root root   0 Jul 13 16:06 tmp
drwxr-xr-x   1 root root  10 Jul 13 16:05 usr
drwxr-xr-x   1 root root  90 Jul 13 16:06 var
root@c21fef3363b4:/# cat /etc/os-release 
PRETTY_NAME="Ubuntu 26.04 LTS"
NAME="Ubuntu"
VERSION_ID="26.04"
VERSION="26.04 LTS (Resolute Raccoon)"
VERSION_CODENAME=resolute
ID=ubuntu
ID_LIKE=debian
HOME_URL="https://www.ubuntu.com/"
SUPPORT_URL="https://help.ubuntu.com/"
BUG_REPORT_URL="https://bugs.launchpad.net/ubuntu/"
PRIVACY_POLICY_URL="https://www.ubuntu.com/legal/terms-and-policies/privacy-policy"
UBUNTU_CODENAME=resolute
LOGO=ubuntu-logo
root@c21fef3363b4:/# exit
exit
yerihan3763@c4r2s8 lib % docker ps -a
CONTAINER ID   IMAGE         COMMAND       CREATED          STATUS                      PORTS     NAMES
c21fef3363b4   ubuntu        "/bin/bash"   2 minutes ago    Exited (0) 4 seconds ago              myubuntu
52007bcabe5f   ubuntu        "/bin/bash"   5 minutes ago    Exited (0) 3 minutes ago              nifty_curie
f263c2f71254   hello-world   "/hello"      19 minutes ago   Exited (0) 19 minutes ago             sad_chaplygin
yerihan3763@c4r2s8 lib % docker start myubuntu
myubuntu
yerihan3763@c4r2s8 lib % docker ps -a
CONTAINER ID   IMAGE         COMMAND       CREATED          STATUS                      PORTS     NAMES
c21fef3363b4   ubuntu        "/bin/bash"   3 minutes ago    Up 5 seconds                          myubuntu
52007bcabe5f   ubuntu        "/bin/bash"   6 minutes ago    Exited (0) 4 minutes ago              nifty_curie
f263c2f71254   hello-world   "/hello"      20 minutes ago   Exited (0) 20 minutes ago             sad_chaplygin
yerihan3763@c4r2s8 lib % docker attach myubuntu 
root@c21fef3363b4:/# read escape sequence
yerihan3763@c4r2s8 lib % 
yerihan3763@c4r2s8 lib % cd ~
yerihan3763@c4r2s8 ~ % docker ps -a
CONTAINER ID   IMAGE         COMMAND       CREATED          STATUS                      PORTS     NAMES
c21fef3363b4   ubuntu        "/bin/bash"   4 minutes ago    Up 40 seconds                         myubuntu
52007bcabe5f   ubuntu        "/bin/bash"   7 minutes ago    Exited (0) 5 minutes ago              nifty_curie
f263c2f71254   hello-world   "/hello"      20 minutes ago   Exited (0) 20 minutes ago             sad_chaplygin
yerihan3763@c4r2s8 ~ % 
yerihan3763@c4r2s8 ~ % docker attach myubuntu
root@c21fef3363b4:/# read escape sequence
yerihan3763@c4r2s8 ~ % 
yerihan3763@c4r2s8 ~ % 
yerihan3763@c4r2s8 ~ % docker ps -a
CONTAINER ID   IMAGE         COMMAND       CREATED          STATUS                      PORTS     NAMES
c21fef3363b4   ubuntu        "/bin/bash"   4 minutes ago    Up About a minute                     myubuntu
52007bcabe5f   ubuntu        "/bin/bash"   7 minutes ago    Exited (0) 5 minutes ago              nifty_curie
f263c2f71254   hello-world   "/hello"      21 minutes ago   Exited (0) 21 minutes ago             sad_chaplygin
yerihan3763@c4r2s8 ~ % docker exec -it myubuntu /bin/bash
root@c21fef3363b4:/# ps -ef
UID          PID    PPID  C STIME TTY          TIME CMD
root           1       0  0 01:14 pts/0    00:00:00 /bin/bash
root           8       0  0 01:16 pts/1    00:00:00 /bin/bash
root          15       8  0 01:16 pts/1    00:00:00 ps -ef
root@c21fef3363b4:/# exit
exit
yerihan3763@c4r2s8 ~ % docker ps -a
CONTAINER ID   IMAGE         COMMAND       CREATED          STATUS                      PORTS     NAMES
c21fef3363b4   ubuntu        "/bin/bash"   5 minutes ago    Up 2 minutes                          myubuntu
52007bcabe5f   ubuntu        "/bin/bash"   8 minutes ago    Exited (0) 7 minutes ago              nifty_curie
f263c2f71254   hello-world   "/hello"      22 minutes ago   Exited (0) 22 minutes ago             sad_chaplygin
yerihan3763@c4r2s8 ~ % 
yerihan3763@c4r2s8 ~ % 
yerihan3763@c4r2s8 ~ % 
yerihan3763@c4r2s8 ~ % docker ps
CONTAINER ID   IMAGE     COMMAND       CREATED         STATUS         PORTS     NAMES
c21fef3363b4   ubuntu    "/bin/bash"   6 minutes ago   Up 2 minutes             myubuntu
yerihan3763@c4r2s8 ~ % docker ps -a
CONTAINER ID   IMAGE         COMMAND       CREATED          STATUS                      PORTS     NAMES
c21fef3363b4   ubuntu        "/bin/bash"   6 minutes ago    Up 2 minutes                          myubuntu
52007bcabe5f   ubuntu        "/bin/bash"   9 minutes ago    Exited (0) 7 minutes ago              nifty_curie
f263c2f71254   hello-world   "/hello"      23 minutes ago   Exited (0) 23 minutes ago             sad_chaplygin
yerihan3763@c4r2s8 ~ % 
yerihan3763@c4r2s8 ~ % docker logs myubuntu
root@c21fef3363b4:/# 
root@c21fef3363b4:/# 
root@c21fef3363b4:/# "attach  echo."
bash: attach  echo.: command not found
root@c21fef3363b4:/# 'attach  echo.'
bash: attach  echo.: command not found
root@c21fef3363b4:/# 
root@c21fef3363b4:/# #
root@c21fef3363b4:/#    ls -al
total 16
drwxr-xr-x   1 root root   6 Jul 30 01:11 .
drwxr-xr-x   1 root root   6 Jul 30 01:11 ..
-rwxr-xr-x   1 root root   0 Jul 30 01:11 .dockerenv
drwxr-xr-x   1 root root  26 Jul 13 16:06 .rock
lrwxrwxrwx   1 root root   7 Apr 20 08:46 bin -> usr/bin
drwxr-xr-x   1 root root   0 Apr 20 08:46 boot
drwxr-xr-x   5 root root 340 Jul 30 01:11 dev
drwxr-xr-x   1 root root  56 Jul 30 01:11 etc
drwxr-xr-x   1 root root  12 Jul 13 16:06 home
lrwxrwxrwx   1 root root   7 Apr 20 08:46 lib -> usr/lib
lrwxrwxrwx   1 root root   9 Apr 20 08:46 lib64 -> usr/lib64
drwxr-xr-x   1 root root   0 Jul 13 16:05 media
drwxr-xr-x   1 root root   0 Jul 13 16:05 mnt
drwxr-xr-x   1 root root   0 Jul 13 16:05 opt
dr-xr-xr-x 231 root root   0 Jul 30 01:11 proc
drwx------   1 root root  30 Jul 13 16:06 root
drwxr-xr-x   1 root root  22 Jul 13 16:06 run
lrwxrwxrwx   1 root root   8 Apr 20 08:46 sbin -> usr/sbin
drwxr-xr-x   1 root root   0 Jul 13 16:05 srv
dr-xr-xr-x  11 root root   0 Jul 30 01:11 sys
drwxrwxrwt   1 root root   0 Jul 13 16:06 tmp
drwxr-xr-x   1 root root  10 Jul 13 16:05 usr
drwxr-xr-x   1 root root  90 Jul 13 16:06 var
root@c21fef3363b4:/# cat /etc/os-release 
PRETTY_NAME="Ubuntu 26.04 LTS"
NAME="Ubuntu"
VERSION_ID="26.04"
VERSION="26.04 LTS (Resolute Raccoon)"
VERSION_CODENAME=resolute
ID=ubuntu
ID_LIKE=debian
HOME_URL="https://www.ubuntu.com/"
SUPPORT_URL="https://help.ubuntu.com/"
BUG_REPORT_URL="https://bugs.launchpad.net/ubuntu/"
PRIVACY_POLICY_URL="https://www.ubuntu.com/legal/terms-and-policies/privacy-policy"
UBUNTU_CODENAME=resolute
LOGO=ubuntu-logo
root@c21fef3363b4:/# exit
exit
yerihan3763@c4r2s8 ~ % docker inspect myubuntu
[
    {
        "Id": "c21fef3363b42476aef2f291b859769e400619ed23679128bc0b27983c25248a",
        "Created": "2026-07-30T01:11:30.516549606Z",
        "Path": "/bin/bash",
        "Args": [],
        "State": {
            "Status": "running",
            "Running": true,
            "Paused": false,
            "Restarting": false,
            "OOMKilled": false,
            "Dead": false,
            "Pid": 505,
            "ExitCode": 0,
            "Error": "",
            "StartedAt": "2026-07-30T01:14:49.564102831Z",
            "FinishedAt": "2026-07-30T01:13:33.488984619Z"
        },
        "Image": "sha256:de7345b16e942e22044c6ba053020ec85ae879984860a9918517d54eb6cef851",
        "ResolvConfPath": "/var/lib/docker/containers/c21fef3363b42476aef2f291b859769e400619ed23679128bc0b27983c25248a/resolv.conf",
        "HostnamePath": "/var/lib/docker/containers/c21fef3363b42476aef2f291b859769e400619ed23679128bc0b27983c25248a/hostname",
        "HostsPath": "/var/lib/docker/containers/c21fef3363b42476aef2f291b859769e400619ed23679128bc0b27983c25248a/hosts",
        "LogPath": "/var/lib/docker/containers/c21fef3363b42476aef2f291b859769e400619ed23679128bc0b27983c25248a/c21fef3363b42476aef2f291b859769e400619ed23679128bc0b27983c25248a-json.log",
        "Name": "/myubuntu",
        "RestartCount": 0,
        "Driver": "overlay2",
        "Platform": "linux",
        "MountLabel": "",
        "ProcessLabel": "",
        "AppArmorProfile": "",
        "ExecIDs": null,
        "HostConfig": {
            "Binds": null,
            "ContainerIDFile": "",
            "LogConfig": {
                "Type": "json-file",
                "Config": {
                    "max-file": "5",
                    "max-size": "20m"
                }
            },
            "NetworkMode": "bridge",
            "PortBindings": {},
            "RestartPolicy": {
                "Name": "no",
                "MaximumRetryCount": 0
            },
            "AutoRemove": false,
            "VolumeDriver": "",
            "VolumesFrom": null,
            "ConsoleSize": [
                41,
                119
            ],
            "CapAdd": null,
            "CapDrop": null,
            "CgroupnsMode": "private",
            "Dns": [],
            "DnsOptions": [],
            "DnsSearch": [],
            "ExtraHosts": null,
            "GroupAdd": null,
            "IpcMode": "private",
            "Cgroup": "",
            "Links": null,
            "OomScoreAdj": 0,
            "PidMode": "",
            "Privileged": false,
            "PublishAllPorts": false,
            "ReadonlyRootfs": false,
            "SecurityOpt": null,
            "UTSMode": "",
            "UsernsMode": "",
            "ShmSize": 8413773824,
            "Runtime": "runc",
            "Isolation": "",
            "CpuShares": 0,
            "Memory": 0,
            "NanoCpus": 0,
            "CgroupParent": "",
            "BlkioWeight": 0,
            "BlkioWeightDevice": [],
            "BlkioDeviceReadBps": [],
            "BlkioDeviceWriteBps": [],
            "BlkioDeviceReadIOps": [],
            "BlkioDeviceWriteIOps": [],
            "CpuPeriod": 0,
            "CpuQuota": 0,
            "CpuRealtimePeriod": 0,
            "CpuRealtimeRuntime": 0,
            "CpusetCpus": "",
            "CpusetMems": "",
            "Devices": [],
            "DeviceCgroupRules": null,
            "DeviceRequests": null,
            "MemoryReservation": 0,
            "MemorySwap": 0,
            "MemorySwappiness": null,
            "OomKillDisable": null,
            "PidsLimit": null,
            "Ulimits": [],
            "CpuCount": 0,
            "CpuPercent": 0,
            "IOMaximumIOps": 0,
            "IOMaximumBandwidth": 0,
            "MaskedPaths": [
                "/proc/asound",
                "/proc/acpi",
                "/proc/interrupts",
                "/proc/kcore",
                "/proc/keys",
                "/proc/latency_stats",
                "/proc/timer_list",
                "/proc/timer_stats",
                "/proc/sched_debug",
                "/proc/scsi",
                "/sys/firmware",
                "/sys/devices/virtual/powercap"
            ],
            "ReadonlyPaths": [
                "/proc/bus",
                "/proc/fs",
                "/proc/irq",
                "/proc/sys",
                "/proc/sysrq-trigger"
            ]
        },
        "GraphDriver": {
            "Data": {
                "ID": "c21fef3363b42476aef2f291b859769e400619ed23679128bc0b27983c25248a",
                "LowerDir": "/var/lib/docker/overlay2/7605ddbcd32ee24e743945d5fade4c012877476193ce52240928afc3122eb4e8-init/diff:/var/lib/docker/overlay2/593ba9b52c2ac4fe516ff4fd602fd42afdbf0f89c4d93b99713e06bbe396e9d4/diff:/var/lib/docker/overlay2/058c3ca01ae35cbc6c15b8905361a7e82e7a0a15058e341c40598769b1ca6afc/diff",
                "MergedDir": "/var/lib/docker/overlay2/7605ddbcd32ee24e743945d5fade4c012877476193ce52240928afc3122eb4e8/merged",
                "UpperDir": "/var/lib/docker/overlay2/7605ddbcd32ee24e743945d5fade4c012877476193ce52240928afc3122eb4e8/diff",
                "WorkDir": "/var/lib/docker/overlay2/7605ddbcd32ee24e743945d5fade4c012877476193ce52240928afc3122eb4e8/work"
            },
            "Name": "overlay2"
        },
        "Mounts": [],
        "Config": {
            "Hostname": "c21fef3363b4",
            "Domainname": "",
            "User": "",
            "AttachStdin": false,
            "AttachStdout": false,
            "AttachStderr": false,
            "Tty": true,
            "OpenStdin": true,
            "StdinOnce": false,
            "Env": [
                "PATH=/usr/local/sbin:/usr/local/bin:/usr/sbin:/usr/bin:/sbin:/bin"
            ],
            "Cmd": [
                "/bin/bash"
            ],
            "Image": "ubuntu",
            "Volumes": null,
            "WorkingDir": "",
            "Entrypoint": null,
            "OnBuild": null,
            "Labels": {
                "org.opencontainers.image.created": "2026-07-13T16:06:30.499069+00:00",
                "org.opencontainers.image.description": "The Ubuntu container image maintained by Canonical\n\nUbuntu is a Debian-based Linux operating system that runs from the desktop to the cloud, to all your internet connected things.\nIt is the world's most popular operating system across public clouds and OpenStack clouds.\nIt is the number one platform for containers; from Docker to Kubernetes to LXD, Ubuntu can run your containers at scale.\nFast, secure and simple, Ubuntu powers millions of PCs worldwide.\n",
                "org.opencontainers.image.title": "ubuntu",
                "org.opencontainers.image.version": "26.04"
            }
        },
        "NetworkSettings": {
            "Bridge": "",
            "SandboxID": "1b1f36f8cc597932b88a2ea9469bfc029495eedaf49caa8ee12e11b8914e54e7",
            "SandboxKey": "/var/run/docker/netns/1b1f36f8cc59",
            "Ports": {},
            "HairpinMode": false,
            "LinkLocalIPv6Address": "",
            "LinkLocalIPv6PrefixLen": 0,
            "SecondaryIPAddresses": null,
            "SecondaryIPv6Addresses": null,
            "EndpointID": "39aebf735aca42ecffef85452a3b8013ec0b10acdf6afb5369bd8c2883125e58",
            "Gateway": "192.168.215.1",
            "GlobalIPv6Address": "",
            "GlobalIPv6PrefixLen": 0,
            "IPAddress": "192.168.215.2",
            "IPPrefixLen": 24,
            "IPv6Gateway": "",
            "MacAddress": "12:16:63:19:6a:dd",
            "Networks": {
                "bridge": {
                    "IPAMConfig": null,
                    "Links": null,
                    "Aliases": null,
                    "MacAddress": "12:16:63:19:6a:dd",
                    "DriverOpts": null,
                    "GwPriority": 0,
                    "NetworkID": "4ea77ee6f387a29c4af8373bf8dda8d4f61983b2c14ec2f66b4c543dd9fa0cf4",
                    "EndpointID": "39aebf735aca42ecffef85452a3b8013ec0b10acdf6afb5369bd8c2883125e58",
                    "Gateway": "192.168.215.1",
                    "IPAddress": "192.168.215.2",
                    "IPPrefixLen": 24,
                    "IPv6Gateway": "",
                    "GlobalIPv6Address": "",
                    "GlobalIPv6PrefixLen": 0,
                    "DNSNames": null
                }
            }
        }
    }
]
yerihan3763@c4r2s8 ~ % docker images
REPOSITORY    TAG       IMAGE ID       CREATED        SIZE
ubuntu        latest    de7345b16e94   2 weeks ago    100MB
hello-world   latest    e2ac70e7319a   4 months ago   10.1kB
yerihan3763@c4r2s8 ~ % docker rmi hello-world
Error response from daemon: conflict: unable to remove repository reference "hello-world" (must force) - container f263c2f71254 is using its referenced image e2ac70e7319a
yerihan3763@c4r2s8 ~ % docker ps -ef
unknown shorthand flag: 'e' in -ef

Usage:  docker ps [OPTIONS]

Run 'docker ps --help' for more information
yerihan3763@c4r2s8 ~ % dockr ps -a
zsh: command not found: dockr
yerihan3763@c4r2s8 ~ % docker ps -a
CONTAINER ID   IMAGE         COMMAND       CREATED          STATUS                      PORTS     NAMES
c21fef3363b4   ubuntu        "/bin/bash"   9 minutes ago    Up 5 minutes                          myubuntu
52007bcabe5f   ubuntu        "/bin/bash"   12 minutes ago   Exited (0) 10 minutes ago             nifty_curie
f263c2f71254   hello-world   "/hello"      26 minutes ago   Exited (0) 26 minutes ago             sad_chaplygin
yerihan3763@c4r2s8 ~ % docker stop myubuntu

myubuntu
yerihan3763@c4r2s8 ~ % 
yerihan3763@c4r2s8 ~ % docker ps -a
CONTAINER ID   IMAGE         COMMAND       CREATED          STATUS                       PORTS     NAMES
c21fef3363b4   ubuntu        "/bin/bash"   9 minutes ago    Exited (137) 6 seconds ago             myubuntu
52007bcabe5f   ubuntu        "/bin/bash"   12 minutes ago   Exited (0) 11 minutes ago              nifty_curie
f263c2f71254   hello-world   "/hello"      26 minutes ago   Exited (0) 26 minutes ago              sad_chaplygin
yerihan3763@c4r2s8 ~ % docker rm sad_chaplygin            
sad_chaplygin
yerihan3763@c4r2s8 ~ % docker ps -a
CONTAINER ID   IMAGE     COMMAND       CREATED          STATUS                            PORTS     NAMES
c21fef3363b4   ubuntu    "/bin/bash"   10 minutes ago   Exited (137) About a minute ago             myubuntu
52007bcabe5f   ubuntu    "/bin/bash"   13 minutes ago   Exited (0) 12 minutes ago                   nifty_curie
yerihan3763@c4r2s8 ~ % docker images
REPOSITORY    TAG       IMAGE ID       CREATED        SIZE
ubuntu        latest    de7345b16e94   2 weeks ago    100MB
hello-world   latest    e2ac70e7319a   4 months ago   10.1kB
yerihan3763@c4r2s8 ~ % docker rmi e2ac70e7319a
Untagged: hello-world:latest
Untagged: hello-world@sha256:c3cbe1cc1aa588a64951ac6286e0df7b27fe2e6324b1001c619bb358770c0178
Deleted: sha256:e2ac70e7319a02c5a477f5825259bd118b94e8b02c279c67afa63adab6d8685b
Deleted: sha256:897b3f2a7c1bc2f3d02432f7892fe31c6272c521ad4d70257df624504a3238b4
yerihan3763@c4r2s8 ~ % docker images
REPOSITORY   TAG       IMAGE ID       CREATED       SIZE
ubuntu       latest    de7345b16e94   2 weeks ago   100MB
yerihan3763@c4r2s8 ~ % docker ps -a
CONTAINER ID   IMAGE     COMMAND       CREATED          STATUS                            PORTS     NAMES
c21fef3363b4   ubuntu    "/bin/bash"   11 minutes ago   Exited (137) About a minute ago             myubuntu
52007bcabe5f   ubuntu    "/bin/bash"   14 minutes ago   Exited (0) 12 minutes ago                   nifty_curie
yerihan3763@c4r2s8 ~ % docker rm myubuntu
myubuntu
yerihan3763@c4r2s8 ~ % docker rm 52007bcabe5f
52007bcabe5f
yerihan3763@c4r2s8 ~ % docker ps -a
CONTAINER ID   IMAGE     COMMAND   CREATED   STATUS    PORTS     NAMES
yerihan3763@c4r2s8 ~ % docker images
REPOSITORY   TAG       IMAGE ID       CREATED       SIZE
ubuntu       latest    de7345b16e94   2 weeks ago   100MB
yerihan3763@c4r2s8 ~ % docker rmi ubuntu
Untagged: ubuntu:latest
Untagged: ubuntu@sha256:3131b4cc82a783df6c9df078f86e01819a13594b865c2cad47bd1bca2b7063bb
Deleted: sha256:de7345b16e942e22044c6ba053020ec85ae879984860a9918517d54eb6cef851
Deleted: sha256:9384d7fbfc7805e1cf888304178b7ecf01f8f1e766e1798cac368238c41b3df1
Deleted: sha256:d6b1a90bccf18353db11e206211d1438050e64d14c56a48ae067131e0a3cc245
yerihan3763@c4r2s8 ~ % docker run -it -d --name myubuntu ubuntu /bin/bash
Unable to find image 'ubuntu:latest' locally
latest: Pulling from library/ubuntu
ed819469700f: Pull complete 
a3679419df18: Pull complete 
Digest: sha256:3131b4cc82a783df6c9df078f86e01819a13594b865c2cad47bd1bca2b7063bb
Status: Downloaded newer image for ubuntu:latest
412119eae7c2c870331c9d2171ba0bc587847fea615697eb8babbde00e1353c0
yerihan3763@c4r2s8 ~ % 
yerihan3763@c4r2s8 ~ % docker ps -a
CONTAINER ID   IMAGE     COMMAND       CREATED          STATUS          PORTS     NAMES
412119eae7c2   ubuntu    "/bin/bash"   11 seconds ago   Up 10 seconds             myubuntu
yerihan3763@c4r2s8 ~ % docker run -it --name yourubuntu ubuntu
root@7c84bdbc2bf7:/# exit
exit
yerihan3763@c4r2s8 ~ % docker ps -a
CONTAINER ID   IMAGE     COMMAND       CREATED          STATUS                     PORTS     NAMES
7c84bdbc2bf7   ubuntu    "/bin/bash"   7 seconds ago    Exited (0) 3 seconds ago             yourubuntu
412119eae7c2   ubuntu    "/bin/bash"   55 seconds ago   Up 54 seconds                        myubuntu
yerihan3763@c4r2s8 ~ % docker attach myubuntu
root@412119eae7c2:/# hi
bash: hi: command not found
root@412119eae7c2:/# read escape sequence
yerihan3763@c4r2s8 ~ % 
yerihan3763@c4r2s8 ~ % docker ps -a
CONTAINER ID   IMAGE     COMMAND       CREATED              STATUS                          PORTS     NAMES
7c84bdbc2bf7   ubuntu    "/bin/bash"   About a minute ago   Exited (0) About a minute ago             yourubuntu
412119eae7c2   ubuntu    "/bin/bash"   2 minutes ago        Up 2 minutes                              myubuntu
yerihan3763@c4r2s8 ~ % docker stop myubuntu
myubuntu
yerihan3763@c4r2s8 ~ % docker ps -a
CONTAINER ID   IMAGE     COMMAND       CREATED              STATUS                          PORTS     NAMES
7c84bdbc2bf7   ubuntu    "/bin/bash"   About a minute ago   Exited (0) About a minute ago             yourubuntu
412119eae7c2   ubuntu    "/bin/bash"   2 minutes ago        Exited (137) 4 seconds ago                myubuntu
yerihan3763@c4r2s8 ~ % docker rm myubuntu yourubuntu
myubuntu
yourubuntu
yerihan3763@c4r2s8 ~ % docker ps -a
CONTAINER ID   IMAGE     COMMAND   CREATED   STATUS    PORTS     NAMES
yerihan3763@c4r2s8 ~ % docker images
REPOSITORY   TAG       IMAGE ID       CREATED       SIZE
ubuntu       latest    de7345b16e94   2 weeks ago   100MB
yerihan3763@c4r2s8 ~ % docker rmi ubuntu
Untagged: ubuntu:latest
Untagged: ubuntu@sha256:3131b4cc82a783df6c9df078f86e01819a13594b865c2cad47bd1bca2b7063bb
Deleted: sha256:de7345b16e942e22044c6ba053020ec85ae879984860a9918517d54eb6cef851
Deleted: sha256:9384d7fbfc7805e1cf888304178b7ecf01f8f1e766e1798cac368238c41b3df1
Deleted: sha256:d6b1a90bccf18353db11e206211d1438050e64d14c56a48ae067131e0a3cc245
yerihan3763@c4r2s8 ~ % docker images
REPOSITORY   TAG       IMAGE ID   CREATED   SIZE
yerihan3763@c4r2s8 ~ % docker --version
Docker version 28.5.2, build ecc6942
yerihan3763@c4r2s8 ~ % pwd
/Users/yerihan3763
yerihan3763@c4r2s8 ~ % cd Codyssey_M1 
yerihan3763@c4r2s8 Codyssey_M1 % git add .
yerihan3763@c4r2s8 Codyssey_M1 % git commit -m "docs: 2단계 Docker 기초 실습 로그 추가"
[main 7c320c7] docs: 2단계 Docker 기초 실습 로그 추가
 Committer: 우광택 <yerihan3763@c4r2s8.codyssey.kr>
이름과 전자메일 주소를 사용자 이름과 호스트 이름을 이용해서 자동으로
설정했습니다. 이 정보가 맞는지 확인하십시오. 이 메시지를 보지 않으려면 정보를
명시적으로 설정하십시오. 다음 명령어를 실행하고 편집기의 안내에 따라 설정
파일을 편집하십시오:

    git config --global --edit

이렇게 한 다음, 이 커밋에 사용한 신원 정보를 다음과 같이 해서 바꿀 수 있습니다:

    git commit --amend --reset-author

 2 files changed, 232 insertions(+)
 create mode 100644 step2.log
yerihan3763@c4r2s8 Codyssey_M1 % git push origin main
오브젝트 나열하는 중: 6, 완료.
오브젝트 개수 세는 중: 100% (6/6), 완료.
Delta compression using up to 6 threads
오브젝트 압축하는 중: 100% (4/4), 완료.
오브젝트 쓰는 중: 100% (4/4), 2.90 KiB | 2.90 MiB/s, 완료.
Total 4 (delta 1), reused 0 (delta 0), pack-reused 0 (from 0)
remote: Resolving deltas: 100% (1/1), completed with 1 local object.
To https://github.com/yerihanview/Codyssey_M1
   050399b..7c320c7  main -> main
yerihan3763@c4r2s8 Codyssey_M1 % ls -la
total 48
drwxr-xr-x   7 yerihan3763  yerihan3763   224  7 30 09:51 .
drwxr-x---+ 20 yerihan3763  yerihan3763   640  7 30 09:58 ..
drwxr-xr-x  13 yerihan3763  yerihan3763   416  7 30 10:31 .git
drwxr-xr-x   4 yerihan3763  yerihan3763   128  7 30 09:31 practice
-rw-r--r--   1 yerihan3763  yerihan3763  3039  7 30 10:30 README.md
-rw-r--r--   1 yerihan3763  yerihan3763  6614  7 30 09:11 step1.log
-rw-r--r--   1 yerihan3763  yerihan3763  9721  7 30 09:52 step2.log
